Sep-29 16:35:30.418 [main] DEBUG nextflow.cli.Launcher - $> nextflow run MitoHPC2.sr.nf --with-trace
Sep-29 16:35:30.461 [main] DEBUG nextflow.cli.CmdRun - N E X T F L O W  ~  version 25.10.4
Sep-29 16:35:30.471 [main] DEBUG nextflow.plugin.PluginsFacade - Setting up plugin manager > mode=prod; embedded=false; plugins-dir=/home/dpuiu/.nextflow/plugins; core-plugins: nf-amazon@3.4.4,nf-azure@1.20.2,nf-cloudcache@0.5.0,nf-codecommit@0.5.0,nf-console@1.3.0,nf-google@1.23.5,nf-k8s@1.2.2,nf-tower@1.17.5,nf-wave@1.16.1
Sep-29 16:35:30.483 [main] INFO  o.pf4j.DefaultPluginStatusProvider - Enabled plugins: []
Sep-29 16:35:30.483 [main] INFO  o.pf4j.DefaultPluginStatusProvider - Disabled plugins: []
Sep-29 16:35:30.485 [main] INFO  org.pf4j.DefaultPluginManager - PF4J version 3.12.0 in 'deployment' mode
Sep-29 16:35:30.491 [main] DEBUG nextflow.util.RetryConfig - Missing nextflow session - using default retry config
Sep-29 16:35:30.549 [main] INFO  org.pf4j.AbstractPluginManager - No plugins
Sep-29 16:35:30.568 [main] DEBUG nextflow.config.ConfigBuilder - Found config local: /home/dpuiu/Documents/JHU/MitoHPC2.nf/nextflow.config
Sep-29 16:35:30.569 [main] DEBUG nextflow.config.ConfigBuilder - Parsing config file: /home/dpuiu/Documents/JHU/MitoHPC2.nf/nextflow.config
Sep-29 16:35:30.581 [main] DEBUG nextflow.config.ConfigBuilder - Applying config profile: `standard`
Sep-29 16:35:30.895 [main] DEBUG nextflow.plugin.PluginsFacade - Plugins default=[]
Sep-29 16:35:30.895 [main] DEBUG nextflow.plugin.PluginsFacade - Plugins resolved requirement=[]
Sep-29 16:35:30.902 [main] DEBUG n.secret.LocalSecretsProvider - Secrets store: /home/dpuiu/.nextflow/secrets/store.json
Sep-29 16:35:30.903 [main] DEBUG nextflow.secret.SecretsLoader - Discovered secrets providers: [nextflow.secret.LocalSecretsProvider@663f237a] - activable => nextflow.secret.LocalSecretsProvider@663f237a
Sep-29 16:35:30.905 [main] DEBUG nextflow.cli.CmdRun - Applied DSL=2 by global default
Sep-29 16:35:30.912 [main] DEBUG nextflow.cli.CmdRun - Launching `MitoHPC2.sr.nf` [admiring_golick] DSL2 - revision: ebde031852
Sep-29 16:35:30.936 [main] DEBUG nextflow.Session - Session UUID: 10bd291f-3b31-44f4-bea3-9e90b30dca05
Sep-29 16:35:30.936 [main] DEBUG nextflow.Session - Run name: admiring_golick
Sep-29 16:35:30.936 [main] DEBUG nextflow.Session - Executor pool size: 28
Sep-29 16:35:30.940 [main] DEBUG nextflow.file.FilePorter - File porter settings maxRetries=3; maxTransfers=50; pollTimeout=null
Sep-29 16:35:30.954 [main] DEBUG nextflow.util.ThreadPoolBuilder - Creating thread pool 'FileTransfer' minSize=10; maxSize=84; workQueue=LinkedBlockingQueue[-1]; allowCoreThreadTimeout=false
Sep-29 16:35:30.964 [main] DEBUG nextflow.cli.CmdRun - 
  Version: 25.10.4 build 11173
  Created: 10-02-2026 15:17 UTC (10:17 EDT)
  System: Linux 7.0.0-28-generic
  Runtime: Groovy 4.0.28 on OpenJDK 64-Bit Server VM 21.0.12.1+1-1-24.04.4-Ubuntu
  Encoding: UTF-8 (UTF-8)
  Process: 1842807@dpuiu-XPS-8960 [127.0.1.1]
  CPUs: 28 - Mem: 15.3 GB (861.7 MB) - Swap: 4 GB (71.2 MB)
Sep-29 16:35:30.973 [main] DEBUG nextflow.Session - Work-dir: /home/dpuiu/Documents/JHU/MitoHPC2.nf/work [ext2/ext3]
Sep-29 16:35:30.973 [main] DEBUG nextflow.Session - Script base path does not exist or is not a directory: /home/dpuiu/Documents/JHU/MitoHPC2.nf/bin
Sep-29 16:35:30.977 [main] DEBUG nextflow.executor.ExecutorFactory - Extension executors providers=[]
Sep-29 16:35:30.981 [main] DEBUG nextflow.Session - Observer factory (v2): LinObserverFactory
Sep-29 16:35:30.982 [main] DEBUG nextflow.Session - Observer factory (v2): DefaultObserverFactory
Sep-29 16:35:31.004 [main] DEBUG nextflow.cache.CacheFactory - Using Nextflow cache factory: nextflow.cache.DefaultCacheFactory
Sep-29 16:35:31.009 [main] DEBUG nextflow.util.CustomThreadPool - Creating default thread pool > poolSize: 29; maxThreads: 1000
Sep-29 16:35:31.036 [main] DEBUG nextflow.Session - Session start
Sep-29 16:35:31.039 [main] DEBUG nextflow.Session - DAG file already exists: /home/dpuiu/Documents/JHU/MitoHPC2.nf/out/dag.html -- enable `dag.overwrite` in your config file to overwrite existing DAG files
nextflow.exception.AbortOperationException: DAG file already exists: /home/dpuiu/Documents/JHU/MitoHPC2.nf/out/dag.html -- enable `dag.overwrite` in your config file to overwrite existing DAG files
	at nextflow.trace.GraphObserver.onFlowCreate(GraphObserver.groovy:75)
	at nextflow.Session$_notifyFlowCreate_lambda34.doCall(Session.groovy:1107)
	at nextflow.Session.notifyEvent(Session.groovy:1151)
	at nextflow.Session.notifyFlowCreate(Session.groovy:1107)
	at nextflow.Session.start(Session.groovy:596)
	at nextflow.script.ScriptRunner.execute(ScriptRunner.groovy:133)
	at nextflow.cli.CmdRun.run(CmdRun.groovy:429)
	at nextflow.cli.Launcher.run(Launcher.groovy:515)
	at nextflow.cli.Launcher.main(Launcher.groovy:675)
Sep-29 16:35:31.041 [main] DEBUG nextflow.Session - Report file already exists: /home/dpuiu/Documents/JHU/MitoHPC2.nf/out/report.html -- enable the 'report.overwrite' option in your config file to overwrite existing files
nextflow.exception.AbortOperationException: Report file already exists: /home/dpuiu/Documents/JHU/MitoHPC2.nf/out/report.html -- enable the 'report.overwrite' option in your config file to overwrite existing files
	at nextflow.trace.ReportObserver.onFlowCreate(ReportObserver.groovy:119)
	at nextflow.Session$_notifyFlowCreate_lambda34.doCall(Session.groovy:1107)
	at nextflow.Session.notifyEvent(Session.groovy:1151)
	at nextflow.Session.notifyFlowCreate(Session.groovy:1107)
	at nextflow.Session.start(Session.groovy:596)
	at nextflow.script.ScriptRunner.execute(ScriptRunner.groovy:133)
	at nextflow.cli.CmdRun.run(CmdRun.groovy:429)
	at nextflow.cli.Launcher.run(Launcher.groovy:515)
	at nextflow.cli.Launcher.main(Launcher.groovy:675)
Sep-29 16:35:31.041 [main] DEBUG nextflow.Session - Timeline file already exists: /home/dpuiu/Documents/JHU/MitoHPC2.nf/out/timeline.html -- enable the 'timeline.overwrite' option in your config file to overwrite existing files
nextflow.exception.AbortOperationException: Timeline file already exists: /home/dpuiu/Documents/JHU/MitoHPC2.nf/out/timeline.html -- enable the 'timeline.overwrite' option in your config file to overwrite existing files
	at nextflow.trace.TimelineObserver.onFlowCreate(TimelineObserver.groovy:80)
	at nextflow.Session$_notifyFlowCreate_lambda34.doCall(Session.groovy:1107)
	at nextflow.Session.notifyEvent(Session.groovy:1151)
	at nextflow.Session.notifyFlowCreate(Session.groovy:1107)
	at nextflow.Session.start(Session.groovy:596)
	at nextflow.script.ScriptRunner.execute(ScriptRunner.groovy:133)
	at nextflow.cli.CmdRun.run(CmdRun.groovy:429)
	at nextflow.cli.Launcher.run(Launcher.groovy:515)
	at nextflow.cli.Launcher.main(Launcher.groovy:675)
Sep-29 16:35:31.041 [main] DEBUG nextflow.trace.TraceFileObserver - Workflow started -- trace file: /home/dpuiu/Documents/JHU/MitoHPC2.nf/out/trace.txt
Sep-29 16:35:31.041 [main] DEBUG nextflow.Session - Trace file already exists: /home/dpuiu/Documents/JHU/MitoHPC2.nf/out/trace.txt -- enable the 'trace.overwrite' option in your config file to overwrite existing files
nextflow.exception.AbortOperationException: Trace file already exists: /home/dpuiu/Documents/JHU/MitoHPC2.nf/out/trace.txt -- enable the 'trace.overwrite' option in your config file to overwrite existing files
	at nextflow.trace.TraceHelper.newFileWriter(TraceHelper.groovy:67)
	at nextflow.trace.TraceFileObserver.onFlowCreate(TraceFileObserver.groovy:174)
	at nextflow.Session$_notifyFlowCreate_lambda34.doCall(Session.groovy:1107)
	at nextflow.Session.notifyEvent(Session.groovy:1151)
	at nextflow.Session.notifyFlowCreate(Session.groovy:1107)
	at nextflow.Session.start(Session.groovy:596)
	at nextflow.script.ScriptRunner.execute(ScriptRunner.groovy:133)
	at nextflow.cli.CmdRun.run(CmdRun.groovy:429)
	at nextflow.cli.Launcher.run(Launcher.groovy:515)
	at nextflow.cli.Launcher.main(Launcher.groovy:675)
Caused by: java.nio.file.FileAlreadyExistsException: /home/dpuiu/Documents/JHU/MitoHPC2.nf/out/trace.txt
	at java.base/sun.nio.fs.UnixException.translateToIOException(UnixException.java:94)
	at java.base/sun.nio.fs.UnixException.rethrowAsIOException(UnixException.java:106)
	at java.base/sun.nio.fs.UnixException.rethrowAsIOException(UnixException.java:111)
	at java.base/sun.nio.fs.UnixFileSystemProvider.newByteChannel(UnixFileSystemProvider.java:261)
	at java.base/java.nio.file.spi.FileSystemProvider.newOutputStream(FileSystemProvider.java:482)
	at java.base/java.nio.file.Files.newOutputStream(Files.java:228)
	at java.base/java.nio.file.Files.newBufferedWriter(Files.java:3001)
	at nextflow.trace.TraceHelper.newFileWriter(TraceHelper.groovy:64)
	... 9 common frames omitted
Sep-29 16:35:31.299 [main] DEBUG nextflow.script.ScriptRunner - > Launching execution
Sep-29 16:35:31.414 [main] INFO  nextflow.script.BaseScript - reads_ch: 
Sep-29 16:35:31.420 [main] INFO  nextflow.script.BaseScript - reference_ch: 
Sep-29 16:35:31.429 [main] DEBUG n.script.dsl.ProcessConfigBuilder - Config settings `withName:ALIGN_REFERENCE` matches process ALIGN_REFERENCE
Sep-29 16:35:31.430 [main] DEBUG nextflow.executor.ExecutorFactory - << taskConfig executor: local
Sep-29 16:35:31.431 [main] DEBUG nextflow.executor.ExecutorFactory - >> processorType: 'local'
Sep-29 16:35:31.434 [main] DEBUG nextflow.executor.Executor - [warm up] executor > local
Sep-29 16:35:31.438 [main] DEBUG n.processor.LocalPollingMonitor - Creating local task monitor for executor 'local' > cpus=28; memory=15.3 GB; capacity=28; pollInterval=100ms; dumpInterval=5m
Sep-29 16:35:31.439 [main] DEBUG n.processor.TaskPollingMonitor - >>> barrier register (monitor: local)
Sep-29 16:35:31.449 [main] DEBUG nextflow.processor.TaskProcessor - Creating process 'ALIGN_REFERENCE': maxForks=0; fair=false; array=0
